// Jest Snapshot v1, https://goo.gl/fbAQLP

exports[`Component renders 1`] = `
<div
  className="byop-app__counter"
>
  <h3
    className="MuiTypography-root MuiTypography-h3"
  >
    You clicked
     
    <span
      data-testid="byop-app__counter-count-value"
    >
      0
    </span>
     times
  </h3>
  <button
    className="MuiButtonBase-root MuiButton-root byop-app__counter-button MuiButton-contained MuiButton-containedPrimary"
    data-testid="byop-app__counter-button"
    disabled={false}
    onBlur={[Function]}
    onClick={[Function]}
    onFocus={[Function]}
    onKeyDown={[Function]}
    onKeyUp={[Function]}
    onMouseDown={[Function]}
    onMouseLeave={[Function]}
    onMouseUp={[Function]}
    onTouchEnd={[Function]}
    onTouchMove={[Function]}
    onTouchStart={[Function]}
    tabIndex={0}
    type="button"
  >
    <span
      className="MuiButton-label"
    >
      Click me
    </span>
  </button>
</div>
`;

exports[`Component renders with an initial count 1`] = `
<div
  className="byop-app__counter"
>
  <h3
    className="MuiTypography-root MuiTypography-h3"
  >
    You clicked
     
    <span
      data-testid="byop-app__counter-count-value"
    >
      2
    </span>
     times
  </h3>
  <button
    className="MuiButtonBase-root MuiButton-root byop-app__counter-button MuiButton-contained MuiButton-containedPrimary"
    data-testid="byop-app__counter-button"
    disabled={false}
    onBlur={[Function]}
    onClick={[Function]}
    onFocus={[Function]}
    onKeyDown={[Function]}
    onKeyUp={[Function]}
    onMouseDown={[Function]}
    onMouseLeave={[Function]}
    onMouseUp={[Function]}
    onTouchEnd={[Function]}
    onTouchMove={[Function]}
    onTouchStart={[Function]}
    tabIndex={0}
    type="button"
  >
    <span
      className="MuiButton-label"
    >
      Click me
    </span>
  </button>
</div>
`;
